[    0.000000] Linux version 4.15.0-212-generic (buildd@lcy02-amd64-083) (gcc version 7.5.0 (Ubuntu 7.5.0-3ubuntu1~18.04)) #223-Ubuntu SMP Tue May 23 13:09:22 UTC 2023 (Ubuntu 4.15.0-212.223-generic 4.15.18)
[    0.000000] Command line: BOOT_IMAGE=/boot/vmlinuz-4.15.0-212-generic root=LABEL=cloudimg-rootfs ro console=tty1 console=ttyS0
[    0.000000] KERNEL supported cpus:
[    0.000000]   Intel GenuineIntel
[    0.000000]   AMD AuthenticAMD
[    0.000000]   Centaur CentaurHauls
[    0.000000] [Firmware Bug]: TSC doesn't count with P0 frequency!
[    0.000000] x86/fpu: x87 FPU will use FXSAVE
[    0.000000] e820: BIOS-provided physical RAM map:
[    0.000000] BIOS-e820: [mem 0x0000000000000000-0x000000000009fbff] usable
[    0.000000] BIOS-e820: [mem 0x000000000009fc00-0x000000000009ffff] reserved
[    0.000000] BIOS-e820: [mem 0x00000000000f0000-0x00000000000fffff] reserved
[    0.000000] BIOS-e820: [mem 0x0000000000100000-0x000000007ffeffff] usable
[    0.000000] BIOS-e820: [mem 0x000000007fff0000-0x000000007fffffff] ACPI data
[    0.000000] BIOS-e820: [mem 0x00000000fec00000-0x00000000fec00fff] reserved
[    0.000000] BIOS-e820: [mem 0x00000000fee00000-0x00000000fee00fff] reserved
[    0.000000] BIOS-e820: [mem 0x00000000fffc0000-0x00000000ffffffff] reserved
[    0.000000] NX (Execute Disable) protection: active
[    0.000000] SMBIOS 2.5 present.
[    0.000000] DMI: innotek GmbH VirtualBox/VirtualBox, BIOS VirtualBox 12/01/2006
[    0.000000] Hypervisor detected: KVM
[    0.000000] e820: last_pfn = 0x7fff0 max_arch_pfn = 0x400000000
[    0.000000] MTRR: Disabled
[    0.000000] x86/PAT: MTRRs disabled, skipping PAT initialization too.
[    0.000000] CPU MTRRs all blank - virtualized system.
[    0.000000] x86/PAT: Configuration [0-7]: WB  WT  UC- UC  WB  WT  UC- UC  
[    0.000000] found SMP MP-table at [mem 0x0009fff0-0x0009ffff]
[    0.000000] Scanning 1 areas for low memory corruption
[    0.000000] RAMDISK: [mem 0x359cb000-0x36cdcfff]
[    0.000000] ACPI: Early table checksum verification disabled
[    0.000000] ACPI: RSDP 0x00000000000E0000 000024 (v02 VBOX  )
[    0.000000] ACPI: XSDT 0x000000007FFF0030 00003C (v01 VBOX   VBOXXSDT 00000001 ASL  00000061)
[    0.000000] ACPI: FACP 0x000000007FFF00F0 0000F4 (v04 VBOX   VBOXFACP 00000001 ASL  00000061)
[    0.000000] ACPI: DSDT 0x000000007FFF0610 002353 (v02 VBOX   VBOXBIOS 00000002 INTL 20100528)
[    0.000000] ACPI: FACS 0x000000007FFF0200 000040
[    0.000000] ACPI: FACS 0x000000007FFF0200 000040
[    0.000000] ACPI: APIC 0x000000007FFF0240 000054 (v02 VBOX   VBOXAPIC 00000001 ASL  00000061)
[    0.000000] ACPI: SSDT 0x000000007FFF02A0 00036C (v01 VBOX   VBOXCPUT 00000002 INTL 20100528)
[    0.000000] ACPI: Reserving FACP table memory at [mem 0x7fff00f0-0x7fff01e3]
[    0.000000] ACPI: Reserving DSDT table memory at [mem 0x7fff0610-0x7fff2962]
[    0.000000] ACPI: Reserving FACS table memory at [mem 0x7fff0200-0x7fff023f]
[    0.000000] ACPI: Reserving FACS table memory at [mem 0x7fff0200-0x7fff023f]
[    0.000000] ACPI: Reserving APIC table memory at [mem 0x7fff0240-0x7fff0293]
[    0.000000] ACPI: Reserving SSDT table memory at [mem 0x7fff02a0-0x7fff060b]
[    0.000000] No NUMA configuration found
[    0.000000] Faking a node at [mem 0x0000000000000000-0x000000007ffeffff]
[    0.000000] NODE_DATA(0) allocated [mem 0x7ffc5000-0x7ffeffff]
[    0.000000] kvm-clock: cpu 0, msr 0:7ff44001, primary cpu clock
[    0.000000] kvm-clock: Using msrs 4b564d01 and 4b564d00
[    0.000000] kvm-clock: using sched offset of 3244370732 cycles
[    0.000000] clocksource: kvm-clock: mask: 0xffffffffffffffff max_cycles: 0x1cd42e4dffb, max_idle_ns: 881590591483 ns
[    0.000000] Zone ranges:
[    0.000000]   DMA      [mem 0x0000000000001000-0x0000000000ffffff]
[    0.000000]   DMA32    [mem 0x0000000001000000-0x000000007ffeffff]
[    0.000000]   Normal   empty
[    0.000000]   Device   empty
[    0.000000] Movable zone start for each node
[    0.000000] Early memory node ranges
[    0.000000]   node   0: [mem 0x0000000000001000-0x000000000009efff]
[    0.000000]   node   0: [mem 0x0000000000100000-0x000000007ffeffff]
[    0.000000] Reserved but unavailable: 104 pages
[    0.000000] Initmem setup node 0 [mem 0x0000000000001000-0x000000007ffeffff]
[    0.000000] ACPI: PM-Timer IO Port: 0x4008
[    0.000000] IOAPIC[0]: apic_id 1, version 32, address 0xfec00000, GSI 0-23
[    0.000000] ACPI: INT_SRC_OVR (bus 0 bus_irq 0 global_irq 2 dfl dfl)
[    0.000000] ACPI: INT_SRC_OVR (bus 0 bus_irq 9 global_irq 9 low level)
[    0.000000] Using ACPI (MADT) for SMP configuration information
[    0.000000] smpboot: Allowing 1 CPUs, 0 hotplug CPUs
[    0.000000] PM: Registered nosave memory: [mem 0x00000000-0x00000fff]
[    0.000000] PM: Registered nosave memory: [mem 0x0009f000-0x0009ffff]
[    0.000000] PM: Registered nosave memory: [mem 0x000a0000-0x000effff]
[    0.000000] PM: Registered nosave memory: [mem 0x000f0000-0x000fffff]
[    0.000000] e820: [mem 0x80000000-0xfebfffff] available for PCI devices
[    0.000000] Booting paravirtualized kernel on KVM
[    0.000000] clocksource: refined-jiffies: mask: 0xffffffff max_cycles: 0xffffffff, max_idle_ns: 7645519600211568 ns
[    0.000000] setup_percpu: NR_CPUS:8192 nr_cpumask_bits:1 nr_cpu_ids:1 nr_node_ids:1
[    0.000000] percpu: Embedded 50 pages/cpu s167936 r8192 d28672 u2097152
[    0.000000] PV qspinlock hash table entries: 256 (order: 0, 4096 bytes)
[    0.000000] Built 1 zonelists, mobility grouping on.  Total pages: 515961
[    0.000000] Policy zone: DMA32
[    0.000000] Kernel command line: BOOT_IMAGE=/boot/vmlinuz-4.15.0-212-generic root=LABEL=cloudimg-rootfs ro console=tty1 console=ttyS0
[    0.000000] Memory: 2015036K/2096696K available (12300K kernel code, 2477K rwdata, 4324K rodata, 2480K init, 2720K bss, 81660K reserved, 0K cma-reserved)
[    0.000000] SLUB: HWalign=64, Order=0-3, MinObjects=0, CPUs=1, Nodes=1
[    0.000000] ftrace: allocating 39508 entries in 155 pages
[    0.004000] Hierarchical RCU implementation.
[    0.004000] 	RCU restricting CPUs from NR_CPUS=8192 to nr_cpu_ids=1.
[    0.004000] 	Tasks RCU enabled.
[    0.004000] RCU: Adjusting geometry for rcu_fanout_leaf=16, nr_cpu_ids=1
[    0.004000] NR_IRQS: 524544, nr_irqs: 256, preallocated irqs: 16
[    0.004000] random: crng init done
[    0.004000] Console: colour VGA+ 80x25
[    0.004000] console [tty1] enabled
[    0.004000] console [ttyS0] enabled
[    0.004000] ACPI: Core revision 20170831
[    0.004000] ACPI: 2 ACPI AML tables successfully acquired and loaded
[    0.004000] APIC: Switch to symmetric I/O mode setup
[    0.004000] ..TIMER: vector=0x30 apic1=0 pin1=2 apic2=-1 pin2=-1
[    0.004004] tsc: Detected 3500.040 MHz processor
[    0.008007] Calibrating delay loop (skipped) preset value.. 7000.08 BogoMIPS (lpj=14000160)
[    0.012002] pid_max: default: 32768 minimum: 301
[    0.013975] Security Framework initialized
[    0.016002] Yama: becoming mindful.
[    0.017526] AppArmor: AppArmor initialized
[    0.023819] Dentry cache hash table entries: 262144 (order: 9, 2097152 bytes)
[    0.025927] Inode-cache hash table entries: 131072 (order: 8, 1048576 bytes)
[    0.028085] Mount-cache hash table entries: 4096 (order: 3, 32768 bytes)
[    0.030839] Mountpoint-cache hash table entries: 4096 (order: 3, 32768 bytes)
[    0.032871] CPU0: Hyper-Threading is disabled
[    0.036062] Last level iTLB entries: 4KB 512, 2MB 512, 4MB 256
[    0.038413] Last level dTLB entries: 4KB 2048, 2MB 2048, 4MB 1024, 1GB 0
[    0.040002] Spectre V1 : Mitigation: usercopy/swapgs barriers and __user pointer sanitization
[    0.044002] Spectre V2 : Mitigation: Retpolines
[    0.046061] Spectre V2 : Spectre v2 / SpectreRSB mitigation: Filling RSB on context switch
[    0.048001] Spectre V2 : Spectre v2 / SpectreRSB : Filling RSB on VMEXIT
[    0.057739] Freeing SMP alternatives memory: 36K
[    0.168234] smpboot: CPU0: AMD Ryzen 5 5600 6-Core Processor (family: 0x19, model: 0x21, stepping: 0x0)
[    0.172262] Performance Events: PMU not available due to virtualization, using software events only.
[    0.176069] Hierarchical SRCU implementation.
[    0.178725] NMI watchdog: Perf event create on CPU 0 failed with -2
[    0.180002] NMI watchdog: Perf NMI watchdog permanently disabled
[    0.184149] smp: Bringing up secondary CPUs ...
[    0.186232] smp: Brought up 1 node, 1 CPU
[    0.188002] smpboot: Max logical packages: 1
[    0.189988] smpboot: Total of 1 processors activated (7000.08 BogoMIPS)
[    0.192204] devtmpfs: initialized
[    0.196063] x86/mm: Memory block size: 128MB
[    0.198398] evm: security.selinux
[    0.200003] evm: security.SMACK64
[    0.201394] evm: security.SMACK64EXEC
[    0.202894] evm: security.SMACK64TRANSMUTE
[    0.204002] evm: security.SMACK64MMAP
[    0.205514] evm: security.apparmor
[    0.208002] evm: security.ima
[    0.209435] evm: security.capability
[    0.211133] clocksource: jiffies: mask: 0xffffffff max_cycles: 0xffffffff, max_idle_ns: 7645041785100000 ns
[    0.212006] futex hash table entries: 256 (order: 2, 16384 bytes)
[    0.216107] pinctrl core: initialized pinctrl subsystem
[    0.220228] RTC time: 15:59:12, date: 11/26/23
[    0.222241] NET: Registered protocol family 16
[    0.224137] audit: initializing netlink subsys (disabled)
[    0.226690] cpuidle: using governor ladder
[    0.228002] cpuidle: using governor menu
[    0.230767] audit: type=2000 audit(1701014357.149:1): state=initialized audit_enabled=0 res=1
[    0.232042] ACPI: bus type PCI registered
[    0.236002] acpiphp: ACPI Hot Plug PCI Controller Driver version: 0.5
[    0.238793] PCI: Using configuration type 1 for base access
[    0.240001] PCI: Using configuration type 1 for extended access
[    0.245064] HugeTLB registered 2.00 MiB page size, pre-allocated 0 pages
[    0.248000] ACPI: Added _OSI(Module Device)
[    0.248003] ACPI: Added _OSI(Processor Device)
[    0.252003] ACPI: Added _OSI(3.0 _SCP Extensions)
[    0.253886] ACPI: Added _OSI(Processor Aggregator Device)
[    0.256006] ACPI: Added _OSI(Linux-Dell-Video)
[    0.257805] ACPI: Added _OSI(Linux-Lenovo-NV-HDMI-Audio)
[    0.260005] ACPI: Added _OSI(Linux-HPI-Hybrid-Graphics)
[    0.262557] ACPI: Executed 1 blocks of module-level executable AML code
[    0.268412] ACPI: Interpreter enabled
[    0.269997] ACPI: (supports S0 S5)
[    0.271579] ACPI: Using IOAPIC for interrupt routing
[    0.272207] PCI: Using host bridge windows from ACPI; if necessary, use "pci=nocrs" and report a bug
[    0.276124] ACPI: Enabled 2 GPEs in block 00 to 07
[    0.285073] ACPI: PCI Root Bridge [PCI0] (domain 0000 [bus 00-ff])
[    0.287537] acpi PNP0A03:00: _OSC: OS supports [ExtendedConfig ASPM ClockPM Segments MSI]
[    0.288790] acpi PNP0A03:00: _OSC: platform does not support [PCIeCapability]
[    0.292416] acpi PNP0A03:00: _OSC: not requesting control; platform does not support [PCIeCapability]
[    0.296003] acpi PNP0A03:00: _OSC: OS requested [PCIeHotplug PME AER PCIeCapability]
[    0.300002] acpi PNP0A03:00: _OSC: platform willing to grant [PCIeHotplug PME AER]
[    0.304002] acpi PNP0A03:00: _OSC failed (AE_SUPPORT); disabling ASPM
[    0.306921] PCI host bridge to bus 0000:00
[    0.308003] pci_bus 0000:00: root bus resource [io  0x0000-0x0cf7 window]
[    0.312002] pci_bus 0000:00: root bus resource [io  0x0d00-0xffff window]
[    0.314704] pci_bus 0000:00: root bus resource [mem 0x000a0000-0x000bffff window]
[    0.316002] pci_bus 0000:00: root bus resource [mem 0x80000000-0xfdffffff window]
[    0.320002] pci_bus 0000:00: root bus resource [bus 00-ff]
[    0.326088] pci 0000:00:01.1: legacy IDE quirk: reg 0x10: [io  0x01f0-0x01f7]
[    0.328003] pci 0000:00:01.1: legacy IDE quirk: reg 0x14: [io  0x03f6]
[    0.330799] pci 0000:00:01.1: legacy IDE quirk: reg 0x18: [io  0x0170-0x0177]
[    0.332002] pci 0000:00:01.1: legacy IDE quirk: reg 0x1c: [io  0x0376]
[    0.348321] pci 0000:00:07.0: quirk: [io  0x4000-0x403f] claimed by PIIX4 ACPI
[    0.351214] pci 0000:00:07.0: quirk: [io  0x4100-0x410f] claimed by PIIX4 SMB
[    0.357567] ACPI: PCI Interrupt Link [LNKA] (IRQs 5 9 10 *11)
[    0.360209] ACPI: PCI Interrupt Link [LNKB] (IRQs 5 9 *10 11)
[    0.362604] ACPI: PCI Interrupt Link [LNKC] (IRQs 5 *9 10 11)
[    0.364108] ACPI: PCI Interrupt Link [LNKD] (IRQs 5 9 10 *11)
[    0.366822] SCSI subsystem initialized
[    0.368155] pci 0000:00:02.0: vgaarb: setting as boot VGA device
[    0.370528] pci 0000:00:02.0: vgaarb: VGA device added: decodes=io+mem,owns=io+mem,locks=none
[    0.372003] pci 0000:00:02.0: vgaarb: bridge control possible
[    0.376001] vgaarb: loaded
[    0.377193] ACPI: bus type USB registered
[    0.380011] usbcore: registered new interface driver usbfs
[    0.382218] usbcore: registered new interface driver hub
[    0.384030] usbcore: registered new device driver usb
[    0.388077] EDAC MC: Ver: 3.0.0
[    0.389840] PCI: Using ACPI for IRQ routing
[    0.391895] NetLabel: Initializing
[    0.392002] NetLabel:  domain hash size = 128
[    0.394010] NetLabel:  protocols = UNLABELED CIPSOv4 CALIPSO
[    0.396075] NetLabel:  unlabeled traffic allowed by default
[    0.400145] clocksource: Switched to clocksource kvm-clock
[    0.420006] VFS: Disk quotas dquot_6.6.0
[    0.425205] VFS: Dquot-cache hash table entries: 512 (order 0, 4096 bytes)
[    0.428228] AppArmor: AppArmor Filesystem Enabled
[    0.430270] pnp: PnP ACPI init
[    0.432863] pnp: PnP ACPI: found 3 devices
[    0.440864] clocksource: acpi_pm: mask: 0xffffff max_cycles: 0xffffff, max_idle_ns: 2085701024 ns
[    0.444532] NET: Registered protocol family 2
[    0.446874] IP idents hash table entries: 32768 (order: 6, 262144 bytes)
[    0.450038] TCP established hash table entries: 16384 (order: 5, 131072 bytes)
[    0.453293] TCP bind hash table entries: 16384 (order: 6, 262144 bytes)
[    0.456368] TCP: Hash tables configured (established 16384 bind 16384)
[    0.459520] UDP hash table entries: 1024 (order: 3, 32768 bytes)
[    0.462065] UDP-Lite hash table entries: 1024 (order: 3, 32768 bytes)
[    0.464809] NET: Registered protocol family 1
[    0.466581] pci 0000:00:00.0: Limiting direct PCI/PCI transfers
[    0.469057] pci 0000:00:01.0: Activating ISA DMA hang workarounds
[    0.471523] pci 0000:00:02.0: Video device with shadowed ROM at [mem 0x000c0000-0x000dffff]
[    0.475035] Unpacking initramfs...
[    0.740036] Freeing initrd memory: 19528K
[    0.744749] clocksource: tsc: mask: 0xffffffffffffffff max_cycles: 0x327376c2eac, max_idle_ns: 440795380848 ns
[    0.750302] platform rtc_cmos: registered platform RTC device (no PNP device found)
[    0.753494] Scanning for low memory corruption every 60 seconds
[    0.756496] Initialise system trusted keyrings
[    0.758334] Key type blacklist registered
[    0.760109] workingset: timestamp_bits=36 max_order=19 bucket_order=0
[    0.763868] zbud: loaded
[    0.765566] squashfs: version 4.0 (2009/01/31) Phillip Lougher
[    0.768369] fuse init (API version 7.26)
[    0.771184] Key type asymmetric registered
[    0.773119] Asymmetric key parser 'x509' registered
[    0.775115] Block layer SCSI generic (bsg) driver version 0.4 loaded (major 246)
[    0.778171] io scheduler noop registered
[    0.779785] io scheduler deadline registered
[    0.781686] io scheduler cfq registered (default)
[    0.783820] ACPI: AC Adapter [AC] (on-line)
[    0.785644] input: Power Button as /devices/LNXSYSTM:00/LNXPWRBN:00/input/input0
[    0.788830] ACPI: Power Button [PWRF]
[    0.790453] input: Sleep Button as /devices/LNXSYSTM:00/LNXSLPBN:00/input/input1
[    0.793476] ACPI: Sleep Button [SLPF]
[    0.795259] Serial: 8250/16550 driver, 32 ports, IRQ sharing enabled
[    0.821196] 00:02: ttyS0 at I/O 0x3f8 (irq = 4, base_baud = 115200) is a 16550A
[    0.825879] Linux agpgart interface v0.103
[    0.831108] loop: module loaded
[    0.833586] scsi host0: ata_piix
[    0.835279] scsi host1: ata_piix
[    0.836769] ata1: PATA max UDMA/33 cmd 0x1f0 ctl 0x3f6 bmdma 0xd000 irq 14
[    0.839722] ata2: PATA max UDMA/33 cmd 0x170 ctl 0x376 bmdma 0xd008 irq 15
[    0.843369] tun: Universal TUN/TAP device driver, 1.6
[    0.845502] PPP generic driver version 2.4.2
[    0.847289] ehci_hcd: USB 2.0 'Enhanced' Host Controller (EHCI) Driver
[    0.850092] ehci-pci: EHCI PCI platform driver
[    0.851881] ehci-platform: EHCI generic platform driver
[    0.854099] ohci_hcd: USB 1.1 'Open' Host Controller (OHCI) Driver
[    0.856632] ohci-pci: OHCI PCI platform driver
[    0.858466] ohci-platform: OHCI generic platform driver
[    0.861654] uhci_hcd: USB Universal Host Controller Interface driver
[    0.864304] i8042: PNP: PS/2 Controller [PNP0303:PS2K,PNP0f03:PS2M] at 0x60,0x64 irq 1,12
[    0.869251] serio: i8042 KBD port at 0x60,0x64 irq 1
[    0.871302] serio: i8042 AUX port at 0x60,0x64 irq 12
[    0.873446] mousedev: PS/2 mouse device common for all mice
[    0.876385] input: AT Translated Set 2 keyboard as /devices/platform/i8042/serio0/input/input2
[    0.880404] rtc_cmos rtc_cmos: rtc core: registered rtc_cmos as rtc0
[    0.883162] rtc_cmos rtc_cmos: alarms up to one day, 114 bytes nvram
[    0.886037] i2c /dev entries driver
[    0.887522] device-mapper: uevent: version 1.0.3
[    0.889715] device-mapper: ioctl: 4.37.0-ioctl (2017-09-20) initialised: dm-devel@redhat.com
[    0.893191] ledtrig-cpu: registered to indicate activity on CPUs
[    0.895714] NET: Registered protocol family 10
[    0.899678] Segment Routing with IPv6
[    0.901298] NET: Registered protocol family 17
[    0.903115] Key type dns_resolver registered
[    0.904971] mce: Using 0 MCE banks
[    0.906642] RAS: Correctable Errors collector initialized.
[    0.909079] sched_clock: Marking stable (909025735, 0)->(1238194623, -329168888)
[    0.912293] registered taskstats version 1
[    0.913991] Loading compiled-in X.509 certificates
[    0.917325] Loaded X.509 cert 'Build time autogenerated kernel key: b5b26778eaa3ab3a4a6cee031137706e947d12ad'
[    0.921590] Loaded X.509 cert 'Canonical Ltd. Live Patch Signing: 14df34d1a87cf37625abec039ef2bf521249b969'
[    0.925770] Loaded X.509 cert 'Canonical Ltd. Kernel Module Signing: 88f752e560a1e0737e31163a466ad7b70a850c19'
[    0.929872] blacklist: Loading compiled-in revocation X.509 certificates
[    0.932625] Loaded X.509 cert 'Canonical Ltd. Secure Boot Signing: 61482aa2830d0ab2ad5af10b7250da9033ddcef0'
[    0.936519] Loaded X.509 cert 'Canonical Ltd. Secure Boot Signing (2017): 242ade75ac4a15e50d50c84b0d45ff3eae707a03'
[    0.940633] Loaded X.509 cert 'Canonical Ltd. Secure Boot Signing (ESM 2018): 365188c1d374d6b07c3c8f240f8ef722433d6a8b'
[    0.944913] Loaded X.509 cert 'Canonical Ltd. Secure Boot Signing (2019): c0746fd6c5da3ae827864651ad66ae47fe24b3e8'
[    0.949188] Loaded X.509 cert 'Canonical Ltd. Secure Boot Signing (2021 v1): a8d54bbb3825cfb94fa13c9f8a594a195c107b8d'
[    0.953488] Loaded X.509 cert 'Canonical Ltd. Secure Boot Signing (2021 v2): 4cf046892d6fd3c9a5b03f98d845f90851dc6a8c'
[    0.957717] Loaded X.509 cert 'Canonical Ltd. Secure Boot Signing (2021 v3): 100437bb6de6e469b581e61cd66bce3ef4ed53af'
[    0.962026] Loaded X.509 cert 'Canonical Ltd. Secure Boot Signing (Ubuntu Core 2019): c1d57b8f6b743f23ee41f4f7ee292f06eecadfb9'
[    0.966565] zswap: loaded using pool lzo/zbud
[    0.970789] Key type big_key registered
[    0.972509] Key type trusted registered
[    0.974985] Key type encrypted registered
[    0.976740] AppArmor: AppArmor sha1 policy hashing enabled
[    0.978912] ima: No TPM chip found, activating TPM-bypass! (rc=-19)
[    0.981490] ima: Allocated hash algorithm: sha1
[    0.983384] evm: HMAC attrs: 0x1
[    0.985115]   Magic number: 15:20:994
[    0.986809] rtc_cmos rtc_cmos: setting system clock to 2023-11-26 15:59:13 UTC (1701014353)
[    0.990382] BIOS EDD facility v0.16 2004-Jun-25, 0 devices found
[    0.992862] EDD information not available.
[    1.036724] Freeing unused kernel image memory: 2480K
[    1.044894] Write protecting the kernel read-only data: 20480k
[    1.047511] Freeing unused kernel image memory: 2008K
[    1.049877] Freeing unused kernel image memory: 1820K
[    1.055221] x86/mm: Checked W+X mappings: passed, no W+X pages found.
Loading, please wait...
starting version 237
[    1.122166] e1000: Intel(R) PRO/1000 Network Driver - version 7.3.21-k8-NAPI
[    1.125114] e1000: Copyright (c) 1999-2006 Intel Corporation.
[    1.130072] Fusion MPT base driver 3.04.20
[    1.132135] Copyright (c) 1999-2008 LSI Corporation
[    1.142718] Fusion MPT SPI Host driver 3.04.20
[    1.155262] SSE version of gcm_enc/dec engaged.
[    1.173678] mptbase: ioc0: Initiating bringup
[    1.282660] ioc0: LSI53C1030 A0: Capabilities={Initiator}
[    1.356157] input: ImExPS/2 Generic Explorer Mouse as /devices/platform/i8042/serio1/input/input4
[    1.527687] scsi host2: ioc0: LSI53C1030 A0, FwRev=00000000h, Ports=1, MaxQ=256, IRQ=20
[    1.696610] scsi 2:0:0:0: Direct-Access     VBOX     HARDDISK         1.0  PQ: 0 ANSI: 5
[    1.699824] scsi target2:0:0: Beginning Domain Validation
[    1.706301] scsi target2:0:0: Domain Validation skipping write tests
[    1.708906] scsi target2:0:0: Ending Domain Validation
[    1.711178] scsi target2:0:0: asynchronous
[    1.713716] scsi 2:0:1:0: Direct-Access     VBOX     HARDDISK         1.0  PQ: 0 ANSI: 5
[    1.717129] scsi target2:0:1: Beginning Domain Validation
[    1.722335] scsi target2:0:1: Domain Validation skipping write tests
[    1.724915] scsi target2:0:1: Ending Domain Validation
[    1.727184] scsi target2:0:1: asynchronous
[    1.735178] sd 2:0:0:0: [sda] 83886080 512-byte logical blocks: (42.9 GB/40.0 GiB)
[    1.744264] sd 2:0:0:0: Attached scsi generic sg0 type 0
[    1.746552] sd 2:0:0:0: [sda] Write Protect is off
[    1.749170] sd 2:0:1:0: [sdb] 20480 512-byte logical blocks: (10.5 MB/10.0 MiB)
[    1.752187] sd 2:0:1:0: Attached scsi generic sg1 type 0
[    1.760786] sd 2:0:1:0: [sdb] Write Protect is off
[    1.763012] sd 2:0:0:0: [sda] Incomplete mode parameter data
[    1.765343] sd 2:0:0:0: [sda] Assuming drive cache: write through
[    1.768143] sd 2:0:1:0: [sdb] Incomplete mode parameter data
[    1.770375] sd 2:0:1:0: [sdb] Assuming drive cache: write through
[    1.780856]  sda: sda1
[    1.783906] sd 2:0:0:0: [sda] Attached SCSI disk
[    1.799334] sd 2:0:1:0: [sdb] Attached SCSI disk
[    2.240924] e1000 0000:00:03.0 eth0: (PCI:33MHz:32-bit) 02:3b:7b:b7:3b:2d
[    2.243614] e1000 0000:00:03.0 eth0: Intel(R) PRO/1000 Network Connection
[    2.247247] e1000 0000:00:03.0 enp0s3: renamed from eth0
Begin: Loading essential drivers ... [    3.812063] raid6: sse2x1   gen()  8979 MB/s
[    3.872719] raid6: sse2x1   xor() 16034 MB/s
[    3.924076] raid6: sse2x2   gen() 15131 MB/s
[    3.976091] raid6: sse2x2   xor() 15773 MB/s
[    4.028067] raid6: sse2x4   gen() 20663 MB/s
[    4.080044] raid6: sse2x4   xor() 11038 MB/s
[    4.081822] raid6: using algorithm sse2x4 gen() 20663 MB/s
[    4.084127] raid6: .... xor() 11038 MB/s, rmw enabled
[    4.086168] raid6: using ssse3x2 recovery algorithm
[    4.089415] xor: measuring software checksum speed
[    4.192061]    prefetch64-sse: 52046.000 MB/sec
[    4.296069]    generic_sse: 50139.000 MB/sec
[    4.298083] xor: using function: prefetch64-sse (52046.000 MB/sec)
[    4.301742] async_tx: api initialized (async)
done.
Begin: Running /scripts/init-premount ... done.
Begin: Mounting root file system ... Begin: Running /scripts/local-top ... done.
Begin: Running /scripts/local-premount ... [    4.341949] Btrfs loaded, crc32c=crc32c-intel
Scanning for Btrfs filesystems
done.
Warning: fsck not present, so skipping root file system
[    4.372343] EXT4-fs (sda1): mounted filesystem with ordered data mode. Opts: (null)
done.
Begin: Running /scripts/local-bottom ... done.
Begin: Running /scripts/init-bottom ... done.
[    4.558724] ip_tables: (C) 2000-2006 Netfilter Core Team
[    4.571549] systemd[1]: systemd 237 running in system mode. (+PAM +AUDIT +SELINUX +IMA +APPARMOR +SMACK +SYSVINIT +UTMP +LIBCRYPTSETUP +GCRYPT +GNUTLS +ACL +XZ +LZ4 +SECCOMP +BLKID +ELFUTILS +KMOD -IDN2 +IDN -PCRE2 default-hierarchy=hybrid)
[    4.579802] systemd[1]: Detected virtualization oracle.
[    4.581993] systemd[1]: Detected architecture x86-64.

Welcome to [1mUbuntu 18.04.6 LTS[0m!

[    4.587909] systemd[1]: Set hostname to <ubuntu>.
[    4.593410] systemd[1]: Initializing machine ID from random generator.
[    4.596115] systemd[1]: Installed transient /etc/machine-id file.
[    4.849072] systemd[1]: Reached target Mounting snaps.
[[0;32m  OK  [0m] Reached target Mounting snaps.
[    4.853452] systemd[1]: Reached target Mounted snaps.
[[0;32m  OK  [0m] Reached target Mounted snaps.
[    4.857722] systemd[1]: Started Forward Password Requests to Wall Directory Watch.
[[0;32m  OK  [0m] Started Forward Password Requests to Wall Directory Watch.
[    4.863365] systemd[1]: Set up automount Arbitrary Executable File Formats File System Automount Point.
[[0;32m  OK  [0m] Set up automount Arbitrary Executabâ€¦rmats File System Automount Point.
[[0;32m  OK  [0m] Created slice User and Session Slice.
[[0;32m  OK  [0m] Created slice System Slice.
[[0;32m  OK  [0m] Listening on /dev/initctl Compatibility Named Pipe.
[[0;32m  OK  [0m] Listening on Device-mapper event daemon FIFOs.
[[0;32m  OK  [0m] Listening on udev Control Socket.
[[0;32m  OK  [0m] Reached target Slices.
[[0;32m  OK  [0m] Listening on Syslog Socket.
[[0;32m  OK  [0m] Listening on Journal Socket.
         Mounting Kernel Debug File System...
         Starting Uncomplicated firewall...
         Starting Load Kernel Modules...
[[0;32m  OK  [0m] Reached target Swap.
         Mounting Huge Pages File System...
[[0;32m  OK  [0m] Listening on LVM2 metadata daemon socket.
         Starting Create list of required stâ€¦ce nodes for the current kernel...
[[0;32m  OK  [0m] Listening on Journal Audit Socket.
         [    4.914938] Loading iSCSI transport class v2.0-870.
Starting Set the console keyboard layout...
[[0;32m  OK  [0m] Listening on Journal Socket (/dev/log).
         [    4.923754] iscsi: registered transport (tcp)
Starting Journal Service...
[[0;32m  OK  [0m] Listening on LVM2 poll daemon socket.
[[0;32m  OK  [0m] Reached target User and Group Name Lookups.
         Mounting POSIX Message Queue File System...
[[0;32m  OK  [0m] Listening on fsck to fsckd communication Socket.
[[0;32m  OK  [0m] Listening on udev Kernel Socket.
         Starting udev Coldplug all Devices...
         Starting File System Check on Root Device...
[[0;32m  OK  [0m] Reached target System Time Synchronized.
[[0;32m  OK  [0m] Listening on Network Service Netlink Socket.
         Starting Monitoring of LVM2 mirrorsâ€¦ng dmeventd or progress polling...
[[0;32m  OK  [0m] Created slice system-serial\x2dgetty.slice.
[[0;32m  OK  [0m] Mounted Kernel Debug File System.
[[0;32m  OK  [0m] Started Uncomplicated firewall.
[[0;32m  OK  [0m] Started Journal Service.
[[0;32m  OK  [0m[    4.979106] iscsi: registered transport (iser)
] Mounted Huge Pages File System.
[[0;32m  OK  [0m] Started Load Kernel Modules.
[[0;32m  OK  [0m] Started Create list of required staâ€¦vice nodes for the current kernel.
[[0;32m  OK  [0m] Mounted POSIX Message Queue File System.
[[0;32m  OK  [0m] Started File System Check Daemon to report status.
         Starting Create Static Device Nodes in /dev...
         Starting Apply Kernel Variables...
         Mounting FUSE Control File System...
         Mounting Kernel Configuration File System...
[[0;32m  OK  [0m] Mounted Kernel Configuration File System.
[[0;32m  OK  [0m] Mounted FUSE Control File System.
[[0;32m  OK  [0m] Started udev Coldplug all Devices.
[[0;32m  OK  [0m] Started LVM2 metadata daemon.
[[0;32m  OK  [0m] Started File System Check on Root Device.
         Starting Remount Root and Kernel File Systems...
[[0;32m  OK  [0m] Started Create Static Device Nodes in /dev.
[[0;32m  OK  [0m] Started Apply Kernel Variables.
[[0;32m  OK  [0m] Started Remount Root and Kernel File Systems.
         Starting Load/Save Random Seed...
         Starting udev Kernel Device Manager...
         Starting Flush Journal to Persistent Storage...
[[0;32m  OK  [0m] Started Monitoring of LVM2 mirrors,â€¦sing dmeventd or progress polling.
[[0;32m  OK  [0m] Started Load/Save Random Seed.
[[0;32m  OK  [0m] Started udev Kernel Device Manager.
[[0;32m  OK  [0m] Started Flush Journal to Persistent Storage.
[[0;32m  OK  [0m] Found device /dev/ttyS0.
[[0;32m  OK  [0m] Listening on Load/Save RF Kill Switch Status /dev/rfkill Watch.
[[0;32m  OK  [0m] Started Set the console keyboard layout.
[[0;32m  OK  [0m] Reached target Local File Systems (Pre).
[[0;32m  OK  [0m] Reached target Local File Systems.
         Starting ebtables ruleset management...
         Starting AppArmor initialization...
         Starting Create Volatile Files and Directories...
         Starting Set console font and keymap...
         Starting Tell Plymouth To Write Out Runtime Data...
         Starting Commit a transient machine-id on disk...
[[0;32m  OK  [0m] Started Dispatch Password Requests to Console Directory Watch.
[[0;32m  OK  [0m] Reached target Local Encrypted Volumes.
[[0;32m  OK  [0m] Started Tell Plymouth To Write Out Runtime Data.
[[0;32m  OK  [0m] Started Commit a transient machine-id on disk.
[[0;32m  OK  [0m] Started Create Volatile Files and Directories.
         Starting Update UTMP about System Boot/Shutdown...
[[0;32m  OK  [0m] Started Update UTMP about System Boot/Shutdown.
[[0;32m  OK  [0m] Started ebtables ruleset management.
         Mounting Arbitrary Executable File Formats File System...
[[0;32m  OK  [0m] Mounted Arbitrary Executable File Formats File System.
[[0;32m  OK  [0m] Started AppArmor initialization.
         Starting Initial cloud-init job (pre-networking)...
         Starting Load AppArmor profiles managed internally by snapd...
[[0;32m  OK  [0m] Started Load AppArmor profiles managed internally by snapd.
[[0;32m  OK  [0m] Started Set console font and keymap.
[    8.253937] cloud-init[773]: Cloud-init v. 23.1.2-0ubuntu0~18.04.1 running 'init-local' at Sun, 26 Nov 2023 15:59:20 +0000. Up 8.05 seconds.
[[0;32m  OK  [0m] Started Initial cloud-init job (pre-networking).
[[0;32m  OK  [0m] Reached target Network (Pre).
         Starting Network Service...
[[0;32m  OK  [0m] Started Network Service.
         Starting Wait for Network to be Configured...
         Starting Network Name Resolution...
[[0;32m  OK  [0m] Started Network Name Resolution.
[[0;32m  OK  [0m] Reached target Host and Network Name Lookups.
[[0;32m  OK  [0m] Reached target Network.
[[0;32m  OK  [0m] Started Wait for Network to be Configured.
         Starting Initial cloud-init job (metadata service crawler)...
[   10.053168] cloud-init[908]: Cloud-init v. 23.1.2-0ubuntu0~18.04.1 running 'init' at Sun, 26 Nov 2023 15:59:22 +0000. Up 9.97 seconds.
[   10.059792] cloud-init[908]: ci-info: ++++++++++++++++++++++++++++++++++++++Net device info++++++++++++++++++++++++++++++++++++++
[   10.063985] cloud-init[908]: ci-info: +--------+------+----------------------------+---------------+--------+-------------------+
[   10.072899] cloud-init[908]: ci-info: | Device |  Up  |          Address           |      Mask     | Scope  |     Hw-Address    |
[   10.077296] cloud-init[908]: ci-info: +--------+------+----------------------------+---------------+--------+-------------------+
[   10.084324] cloud-init[908]: ci-info: | enp0s3 | True |         10.0.2.15          | 255.255.255.0 | global | 02:3b:7b:b7:3b:2d |
[   10.092626] cloud-init[908]: ci-info: | enp0s3 | True | fe80::3b:7bff:feb7:3b2d/64 |       .       |  link  | 02:3b:7b:b7:3b:2d |
[   10.095686] cloud-init[908]: ci-info: |   lo   | True |         127.0.0.1          |   255.0.0.0   |  host  |         .         |
[   10.104613] cloud-init[908]: ci-info: |   lo   | True |          ::1/128           |       .       |  host  |         .         |
[   10.107586] cloud-init[908]: ci-info: +--------+------+----------------------------+---------------+--------+-------------------+
[   10.115049] cloud-init[908]: ci-info: ++++++++++++++++++++++++++++Route IPv4 info+++++++++++++++++++++++++++++
[   10.127468] cloud-init[908]: ci-info: +-------+-------------+----------+-----------------+-----------+-------+
[   10.130825] cloud-init[908]: ci-info: | Route | Destination | Gateway  |     Genmask     | Interface | Flags |
[   10.135699] cloud-init[908]: ci-info: +-------+-------------+----------+-----------------+-----------+-------+
[   10.139232] cloud-init[908]: ci-info: |   0   |   0.0.0.0   | 10.0.2.2 |     0.0.0.0     |   enp0s3  |   UG  |
[   10.142278] cloud-init[908]: ci-info: |   1   |   10.0.2.0  | 0.0.0.0  |  255.255.255.0  |   enp0s3  |   U   |
[   10.145355] cloud-init[908]: ci-info: |   2   |   10.0.2.2  | 0.0.0.0  | 255.255.255.255 |   enp0s3  |   UH  |
[   10.149483] cloud-init[908]: ci-info: +-------+-------------+----------+-----------------+-----------+-------+
[   10.152961] cloud-init[908]: ci-info: +++++++++++++++++++Route IPv6 info+++++++++++++++++++
[   10.160678] cloud-init[908]: ci-info: +-------+-------------+---------+-----------+-------+
[   10.165972] cloud-init[908]: ci-info: | Route | Destination | Gateway | Interface | Flags |
[   10.169933] cloud-init[908]: ci-info: +-------+-------------+---------+-----------+-------+
[   10.176168] cloud-init[908]: ci-info: |   1   |  fe80::/64  |    ::   |   enp0s3  |   U   |
[   10.180337] cloud-init[908]: ci-info: |   3   |    local    |    ::   |   enp0s3  |   U   |
[   10.183903] cloud-init[908]: ci-info: |   4   |   ff00::/8  |    ::   |   enp0s3  |   U   |
[   10.187403] cloud-init[908]: ci-info: +-------+-------------+---------+-----------+-------+
[   10.821382] cloud-init[908]: Generating public/private rsa key pair.
[   10.824261] cloud-init[908]: Your identification has been saved in /etc/ssh/ssh_host_rsa_key.
[   10.838842] cloud-init[908]: Your public key has been saved in /etc/ssh/ssh_host_rsa_key.pub.
[   10.842102] cloud-init[908]: The key fingerprint is:
[   10.844364] cloud-init[908]: SHA256:f0c+fvCBx/cy84OgHfAaBFlgL4gktOZOaITEsXRm9hs root@ubuntu-bionic
[   10.846862] cloud-init[908]: The key's randomart image is:
[   10.860158] cloud-init[908]: +---[RSA 2048]----+
[   10.862333] cloud-init[908]: |o*.*   o+.       |
[   10.864649] cloud-init[908]: |+.X o oo.        |
[   10.866578] cloud-init[908]: |.= . E ...       |
[   10.868678] cloud-init[908]: |=     o .o       |
[   10.880112] cloud-init[908]: |.+   .  S o   +  |
[   10.882052] cloud-init[908]: |+        o + +.+.|
[   10.884629] cloud-init[908]: | .        * + *o+|
[   10.886552] cloud-init[908]: |         o o ++o+|
[   10.888614] cloud-init[908]: |              .*o|
[   10.894125] cloud-init[908]: +----[SHA256]-----+
[   10.896694] cloud-init[908]: Generating public/private dsa key pair.
[[0;32m  OK  [0m] Started Initial cloud-init job (metadata service crawler).
[[0;32m  OK  [0m] Reached target System Initialization.
[   10.904109] cloud-init[908]: Your identification has been saved in /etc/ssh/ssh_host_dsa_key.
[   10.906418] cloud-init[908]: Your public key has been saved in /etc/ssh/ssh_host_dsa_key.pub.[[0;32m  OK  [0m] Listening on Open-iSCSI iscsid Socket.
[[0;32m  OK  [0m] Started Daily apt download activities.
[   10.912576] cloud-init[908]: The key fingerprint is:
[   10.914372] cloud-init[908]: SHA256:dOi9u5P29ZZ1e2A2OaFLj/RqTTVh1j1SFNGCL+iQ8zQ root@ubuntu-bionic
[[0;32m  OK  [0m] Started Daily apt upgrade and clean activities.
[[0;32m  OK  [0m] Listening on cloud-init hotplug hook socket.
         Starting Socket activation for snappy daemon.
[[0;32m  OK  [0m] Started ACPI Events Check.

[   10.930266] cloud-init[908]: The key's randomart image is:
         Starting LXD - unix socket.
[[0;32m  OK  [0m] Listening on ACPID Listen Socket.
[[0;32m  OK  [0m[   10.937811] cloud-init[908]: +---[DSA 1024]----+
[   10.939728] ] Started Discard unused blocks once a week.
[[0;32m  OK  [0m] Listening on UUID daemon activation socket.
[cloud-init[0;32m  OK  [0m] Listening on D-Bus System Message Bus Socket.
[[0;32m  OK  [0m] Reached target Paths.
[908]: |             .o=*|
[   10.954531] cloud-init[908]: |         .  ...=+|
[[0;32m  OK  [0m] Started Daily Cleanup of Temporary Directories.
[[0;32m  OK  [0m] Started Ubuntu Advantage Timer for running repeated jobs.[   10.960456] cloud-init[908]: |        o... .+.o|
[   10.962316] cloud-init[908]: |       o+oE . o..|

[[0;32m  OK  [0m] Started Message of the Day.
[[0;32m  OK  [0m] Reached target Timers.
[   10.968132] cloud-init[908]: |        S*.. o +.|
[   10.970124] cloud-init[908]: |          o.+ O o|
[   10.971991] [[0;32m  OK  [0m] Reached target Cloud-config availability.
[[0;32m  OK  [0m] Reached target Network is Online.cloud-init[908]: |          .+ X.+=|
[   10.977541] cloud-init[908]: |          +.+.++o|
[   10.979351] cloud-init
[908]:          Starting Availability of block devices...
[[0;32m  OK  [0m] Reached target Remote File Systems (Pre).|         .o=o. .o|
[   10.985642] cloud-init[908]: +----[SHA256]-----+
[   10.987534] cloud-init
[[0;32m  OK  [0m] Reached target Remote File Systems.
[[0;32m  OK  [0m] Listening on Socket activation for snappy daemon.
[[0;32m  OK  [0m] Listening on LXD - unix socket.
[908]: [[0;32m  OK  [0m] Started Availability of block devices.
[[0;32m  OK  [0m] Generating public/private ecdsa key pair.
[   11.005545] cloud-init[908]: Your identification has been saved in /etc/ssh/ssh_host_ecdsa_key.
[   11.007800] Reached target Sockets.
[[0;32m  OK  [0m] Reached target Basic System.
         Starting Dispatcher daemon for systemd-networkd...
cloud-init[908]: Your public key has been saved in /etc/ssh/ssh_host_ecdsa_key.pub.
         Starting LSB: automatic crash report generation...
         Starting Pollinate to seed the pseudo random number generator...
[[0;32m  OK  [0m] Started irqbalance daemon.
[   11.029957] cloud-init[908]: The key fingerprint is:
         Starting Login Service...
         [   11.050078] cloud-initStarting Virtualbox guest utils...
[908]:          Starting System Logging Service...
         Starting Permit User Sessions...
SHA256:liDNEkT8XqW5H4pcGZw0igErrwLYIIOodSd8IY4ePEM root@ubuntu-bionic[[0;32m  OK  [0m] Started Deferred execution scheduler.
         Starting LXD - container startup/shutdown...

[   11.071369] cloud-init[[0;32m  OK  [0m] Started FUSE filesystem for LXC.
[[0;32m  OK  [0m] Reached target Login Prompts (Pre).
[908]: The key's randomart image is:
[   11.092136] cloud-init[908]: +---[ECDSA 256]---+
[   11.101158] cloud-init[908]: |  E== .          |
[   11.105159] cloud-init[908]: |oo =o= .o .      |
[   11.112950] cloud-init[908]: |B O B+*+ *       |
[   11.118120] cloud-init[908]: |+O =.*o.B.       |
[   11.123403] cloud-init[908]: |+ +  . .S+       |
[   11.129413] cloud-init[908]: |..    ..+ .      |
[   11.135169] cloud-init[908]: |o    . o o .     |
[   11.140200] cloud-init[908]: |.     o . .      |
[   11.146109] cloud-init[908]: |                 |
[   11.150182] cloud-init[908]: +----[SHA256]-----+
[   11.154959] cloud-init[908]: Generating public/private ed25519 key pair.
[   11.158696] cloud-init[908]: Your identification has been saved in /etc/ssh/ssh_host_ed25519_key.
[   11.161423] cloud-init[908]: Your public key has been saved in /etc/ssh/ssh_host_ed25519_key.pub.
[   11.164447] cloud-init[908]: The key fingerprint is:
[   11.173494] cloud-init[908]: SHA256:riWDl98nLYvwusPY9C55WV4GaO7D3PcUEse9e/vN050 root@ubuntu-bionic
[   11.176839] cloud-init[908]: The key's randomart image is:
[   11.181374] cloud-init[908]: +--[ED25519 256]--+
[   11.184901] cloud-init[908]: |                 |
[   11.191631] cloud-init[908]: |             . . |
[   11.193575] cloud-init[908]: |         .  . o .|
[   11.199343] cloud-init[908]: |        o .  o  .|
[   11.201309] cloud-init[908]: |       oS  .. .. |
[   11.203105] cloud-init[908]: |     ..o. . o. ..|
[   11.205161]          Starting Snap Daemon...
         Starting Accounts Service...
         Starting LSB: Record successful boot for GRUB...
[[0;32m  OK  [0m] Started D-Bus System Message Bus.
cloud-init[908]: |    .=**o= +  ..=|
[   11.224744] cloud-init[908]: |    ..*OOo= +. E*|
[   11.232407] cloud-init[908]: |      +B=.o* ...*|
[   11.236348] cloud-init[908]: +----[SHA256]-----+
[[0;32m  OK  [0m] Started Login Service.
[[0;32m  OK  [0m] Started Unattended Upgrades Shutdown.
[[0;32m  OK  [0m] Started Regular background program processing daemon.
[[0;32m  OK  [0m] Started System Logging Service.
[[0;32m  OK  [0m] Started Permit User Sessions.
         Starting Authorization Manager...
         Starting Hold until boot process finishes up...
         Starting Terminate Plymouth Boot Screen...
[[0;32m  OK  [0m] Started Hold until boot process finishes up.
[[0;32m  OK  [0m] Started Serial Getty on ttyS0.
         Starting Set console scheme...
[[0;32m  OK  [0m] Started Terminate Plymouth Boot Screen.
[[0;32m  OK  [0m] Started LSB: automatic crash report generation.
[[0;32m  OK  [0m] Started LXD - container startup/shutdown.
[[0;32m  OK  [0m] Started Set console scheme.
[[0;32m  OK  [0m] Created slice system-getty.slice.
[[0;32m  OK  [0m] Started Getty on tty1.
[[0;32m  OK  [0m] Reached target Login Prompts.
[[0;32m  OK  [0m] Started LSB: Record successful boot for GRUB.
[[0;32m  OK  [0m] Started Authorization Manager.
[[0;32m  OK  [0m] Started Accounts Service.
[[0;32m  OK  [0m] Started Virtualbox guest utils.
[[0;32m  OK  [0m] Started Dispatcher daemon for systemd-networkd.
[[0;32m  OK  [0m] Started Pollinate to seed the pseudo random number generator.
         Starting OpenBSD Secure Shell server...
[[0;32m  OK  [0m] Started OpenBSD Secure Shell server.
[[0;32m  OK  [0m] Started Snap Daemon.
         Starting Wait until snapd is fully seeded...
[[0;32m  OK  [0m] Created slice User Slice of vagrant.
         Starting User Manager for UID 1000...
[[0;32m  OK  [0m] Started Session 1 of user vagrant.
[[0;32m  OK  [0m] Started User Manager for UID 1000.
         Starting Time & Date Service...
[[0;32m  OK  [0m] Started Time & Date Service.
[[0;32m  OK  [0m] Started Wait until snapd is fully seeded.
         Starting Apply the settings specified in cloud-config...
[   15.123011] cloud-init[1559]: Cloud-init v. 23.1.2-0ubuntu0~18.04.1 running 'modules:config' at Sun, 26 Nov 2023 15:59:27 +0000. Up 14.61 seconds.
[[0;32m  OK  [0m] Started Apply the settings specified in cloud-config.
[[0;32m  OK  [0m] Reached target Multi-User System.
         Starting Execute cloud user/final scripts...
[[0;32m  OK  [0m] Reached target Graphical Interface.
         Starting Update UTMP about System Runlevel Changes...
[[0;32m  OK  [0m] Started Update UTMP about System Runlevel Changes.
ci-info: no authorized SSH keys fingerprints found for user ubuntu.
<14>Nov 26 15:59:28 cloud-init: #############################################################
<14>Nov 26 15:59:28 cloud-init: -----BEGIN SSH HOST KEY FINGERPRINTS-----
<14>Nov 26 15:59:28 cloud-init: 1024 SHA256:dOi9u5P29ZZ1e2A2OaFLj/RqTTVh1j1SFNGCL+iQ8zQ root@ubuntu-bionic (DSA)
<14>Nov 26 15:59:28 cloud-init: 256 SHA256:liDNEkT8XqW5H4pcGZw0igErrwLYIIOodSd8IY4ePEM root@ubuntu-bionic (ECDSA)
<14>Nov 26 15:59:28 cloud-init: 256 SHA256:riWDl98nLYvwusPY9C55WV4GaO7D3PcUEse9e/vN050 root@ubuntu-bionic (ED25519)
<14>Nov 26 15:59:28 cloud-init: 2048 SHA256:f0c+fvCBx/cy84OgHfAaBFlgL4gktOZOaITEsXRm9hs root@ubuntu-bionic (RSA)
<14>Nov 26 15:59:28 cloud-init: -----END SSH HOST KEY FINGERPRINTS-----
<14>Nov 26 15:59:28 cloud-init: #############################################################
-----BEGIN SSH HOST KEY KEYS-----
ecdsa-sha2-nistp256 AAAAE2VjZHNhLXNoYTItbmlzdHAyNTYAAAAIbmlzdHAyNTYAAABBBNkE9aaXAt3HXUYI7hAA+14Aj2U/XLARgVnLwC1+awAyVCZiy74RHpxpQRiC1KEnK7gZfTZqaAwWCWL3kqaswFU= root@ubuntu-bionic
ssh-ed25519 AAAAC3NzaC1lZDI1NTE5AAAAIBTI1TF7LIkB1Iz/2pcIZ67LS13N5G3frYsiX5lCu2GJ root@ubuntu-bionic
ssh-rsa AAAAB3NzaC1yc2EAAAADAQABAAABAQDB1yVlBMdz08GXgL7TcjY7iYoWcW/FetM1mNoZ5oWDFt6gmfvtmBlWjzzS+IZpd6yfsTcJLBiK9PtLw3WerkTKwj5lveVJkIpHMmDgA445kWWpP8JFfAf95Qn2etrM43UW2kIXeYmOR5o6OyGnbSqqYVhmyCfZOkYpCDceQbQWKte8/StweNnZdz/Z1izYa8UBYNKwYSdKs/S8n/c5I89qpHZpQXLRYaDVORoWLggO9CYfC1Ee8T3Rkb6gHeTUlnk/R2meEqbSRADRAZqtPLw0XvsMRPOAgBKasB7cIKNHQ6U0IPgtVTWBtUyA5WakmrDp25K9zKrlH1crWjb7i99t root@ubuntu-bionic
-----END SSH HOST KEY KEYS-----
[   15.827125] cloud-init[1666]: Cloud-init v. 23.1.2-0ubuntu0~18.04.1 running 'modules:final' at Sun, 26 Nov 2023 15:59:28 +0000. Up 15.66 seconds.
[   15.830351] cloud-init[1666]: Cloud-init v. 23.1.2-0ubuntu0~18.04.1 finished at Sun, 26 Nov 2023 15:59:28 +0000. Datasource DataSourceNoCloud [seed=/dev/sdb][dsmode=net].  Up 15.81 seconds
[[0;32m  OK  [0m] Started Execute cloud user/final scripts.
[[0;32m  OK  [0m] Reached target Cloud-init target.

Ubuntu 18.04.6 LTS ubuntu-bionic ttyS0

ubuntu-bionic login: 